
===========================================================================
report_checks -path_delay max (Setup)
============================================================================
======================= Typical Corner ===================================

Startpoint: sel[1] (input port clocked by clk)
Endpoint: _207_ (rising edge-triggered flip-flop clocked by clk)
Path Group: clk
Path Type: max

Fanout     Cap    Slew   Delay    Time   Description
-----------------------------------------------------------------------------
                  0.15    0.00    0.00   clock clk (rise edge)
                          0.00    0.00   clock network delay (ideal)
                          0.42    0.42 ^ input external delay
     1    0.00    0.02    0.01    0.43 ^ sel[1] (in)
                                         sel[1] (net)
                  0.02    0.00    0.43 ^ input3/A (sky130_fd_sc_hd__buf_1)
     4    0.01    0.12    0.13    0.56 ^ input3/X (sky130_fd_sc_hd__buf_1)
                                         net3 (net)
                  0.12    0.00    0.56 ^ _200_/A (sky130_fd_sc_hd__buf_2)
    10    0.03    0.13    0.20    0.76 ^ _200_/X (sky130_fd_sc_hd__buf_2)
                                         _051_ (net)
                  0.13    0.00    0.76 ^ _201_/B (sky130_fd_sc_hd__nand3b_1)
     4    0.01    0.09    0.12    0.89 v _201_/Y (sky130_fd_sc_hd__nand3b_1)
                                         _052_ (net)
                  0.09    0.00    0.89 v _117_/B (sky130_fd_sc_hd__or3b_1)
     1    0.00    0.06    0.37    1.25 v _117_/X (sky130_fd_sc_hd__or3b_1)
                                         _070_ (net)
                  0.06    0.00    1.25 v _122_/B1 (sky130_fd_sc_hd__o2bb2ai_1)
     1    0.00    0.09    0.13    1.38 ^ _122_/Y (sky130_fd_sc_hd__o2bb2ai_1)
                                         _001_ (net)
                  0.09    0.00    1.38 ^ _207_/D (sky130_fd_sc_hd__dfxtp_2)
                                  1.38   data arrival time

                  0.15    2.10    2.10   clock clk (rise edge)
                          0.00    2.10   clock network delay (ideal)
                         -0.25    1.85   clock uncertainty
                          0.00    1.85   clock reconvergence pessimism
                                  1.85 ^ _207_/CLK (sky130_fd_sc_hd__dfxtp_2)
                         -0.05    1.80   library setup time
                                  1.80   data required time
-----------------------------------------------------------------------------
                                  1.80   data required time
                                 -1.38   data arrival time
-----------------------------------------------------------------------------
                                  0.41   slack (MET)


Startpoint: sel[0] (input port clocked by clk)
Endpoint: _211_ (rising edge-triggered flip-flop clocked by clk)
Path Group: clk
Path Type: max

Fanout     Cap    Slew   Delay    Time   Description
-----------------------------------------------------------------------------
                  0.15    0.00    0.00   clock clk (rise edge)
                          0.00    0.00   clock network delay (ideal)
                          0.42    0.42 v input external delay
     1    0.00    0.01    0.00    0.42 v sel[0] (in)
                                         sel[0] (net)
                  0.01    0.00    0.42 v input2/A (sky130_fd_sc_hd__clkbuf_2)
     7    0.02    0.07    0.13    0.56 v input2/X (sky130_fd_sc_hd__clkbuf_2)
                                         net2 (net)
                  0.07    0.00    0.56 v _204_/A (sky130_fd_sc_hd__clkbuf_4)
    10    0.03    0.07    0.20    0.76 v _204_/X (sky130_fd_sc_hd__clkbuf_4)
                                         _055_ (net)
                  0.07    0.00    0.76 v _146_/A2 (sky130_fd_sc_hd__o21a_1)
     4    0.01    0.06    0.21    0.96 v _146_/X (sky130_fd_sc_hd__o21a_1)
                                         _095_ (net)
                  0.06    0.00    0.96 v _147_/A1 (sky130_fd_sc_hd__mux2_1)
     1    0.00    0.05    0.30    1.26 v _147_/X (sky130_fd_sc_hd__mux2_1)
                                         _096_ (net)
                  0.05    0.00    1.26 v _148_/A (sky130_fd_sc_hd__clkbuf_1)
     1    0.00    0.02    0.09    1.35 v _148_/X (sky130_fd_sc_hd__clkbuf_1)
                                         _005_ (net)
                  0.02    0.00    1.35 v _211_/D (sky130_fd_sc_hd__dfxtp_2)
                                  1.35   data arrival time

                  0.15    2.10    2.10   clock clk (rise edge)
                          0.00    2.10   clock network delay (ideal)
                         -0.25    1.85   clock uncertainty
                          0.00    1.85   clock reconvergence pessimism
                                  1.85 ^ _211_/CLK (sky130_fd_sc_hd__dfxtp_2)
                         -0.08    1.77   library setup time
                                  1.77   data required time
-----------------------------------------------------------------------------
                                  1.77   data required time
                                 -1.35   data arrival time
-----------------------------------------------------------------------------
                                  0.42   slack (MET)


Startpoint: sel[1] (input port clocked by clk)
Endpoint: _209_ (rising edge-triggered flip-flop clocked by clk)
Path Group: clk
Path Type: max

Fanout     Cap    Slew   Delay    Time   Description
-----------------------------------------------------------------------------
                  0.15    0.00    0.00   clock clk (rise edge)
                          0.00    0.00   clock network delay (ideal)
                          0.42    0.42 v input external delay
     1    0.00    0.01    0.00    0.42 v sel[1] (in)
                                         sel[1] (net)
                  0.01    0.00    0.42 v input3/A (sky130_fd_sc_hd__buf_1)
     4    0.01    0.06    0.10    0.53 v input3/X (sky130_fd_sc_hd__buf_1)
                                         net3 (net)
                  0.06    0.00    0.53 v _200_/A (sky130_fd_sc_hd__buf_2)
    10    0.02    0.07    0.17    0.70 v _200_/X (sky130_fd_sc_hd__buf_2)
                                         _051_ (net)
                  0.07    0.00    0.70 v _205_/A (sky130_fd_sc_hd__or2_1)
     4    0.01    0.08    0.27    0.97 v _205_/X (sky130_fd_sc_hd__or2_1)
                                         _056_ (net)
                  0.08    0.00    0.97 v _104_/A (sky130_fd_sc_hd__nand2_1)
     3    0.01    0.12    0.13    1.10 ^ _104_/Y (sky130_fd_sc_hd__nand2_1)
                                         _058_ (net)
                  0.12    0.00    1.10 ^ _114_/B1 (sky130_fd_sc_hd__o211ai_2)
     2    0.00    0.08    0.11    1.21 v _114_/Y (sky130_fd_sc_hd__o211ai_2)
                                         _067_ (net)
                  0.08    0.00    1.21 v _134_/A2_N (sky130_fd_sc_hd__o2bb2ai_1)
     1    0.00    0.04    0.13    1.34 v _134_/Y (sky130_fd_sc_hd__o2bb2ai_1)
                                         _003_ (net)
                  0.04    0.00    1.34 v _209_/D (sky130_fd_sc_hd__dfxtp_1)
                                  1.34   data arrival time

                  0.15    2.10    2.10   clock clk (rise edge)
                          0.00    2.10   clock network delay (ideal)
                         -0.25    1.85   clock uncertainty
                          0.00    1.85   clock reconvergence pessimism
                                  1.85 ^ _209_/CLK (sky130_fd_sc_hd__dfxtp_1)
                         -0.08    1.77   library setup time
                                  1.77   data required time
-----------------------------------------------------------------------------
                                  1.77   data required time
                                 -1.34   data arrival time
-----------------------------------------------------------------------------
                                  0.43   slack (MET)


Startpoint: sel[1] (input port clocked by clk)
Endpoint: _206_ (rising edge-triggered flip-flop clocked by clk)
Path Group: clk
Path Type: max

Fanout     Cap    Slew   Delay    Time   Description
-----------------------------------------------------------------------------
                  0.15    0.00    0.00   clock clk (rise edge)
                          0.00    0.00   clock network delay (ideal)
                          0.42    0.42 v input external delay
     1    0.00    0.01    0.00    0.42 v sel[1] (in)
                                         sel[1] (net)
                  0.01    0.00    0.42 v input3/A (sky130_fd_sc_hd__buf_1)
     4    0.01    0.06    0.10    0.53 v input3/X (sky130_fd_sc_hd__buf_1)
                                         net3 (net)
                  0.06    0.00    0.53 v _200_/A (sky130_fd_sc_hd__buf_2)
    10    0.02    0.07    0.17    0.70 v _200_/X (sky130_fd_sc_hd__buf_2)
                                         _051_ (net)
                  0.07    0.00    0.70 v _205_/A (sky130_fd_sc_hd__or2_1)
     4    0.01    0.08    0.27    0.97 v _205_/X (sky130_fd_sc_hd__or2_1)
                                         _056_ (net)
                  0.08    0.00    0.97 v _104_/A (sky130_fd_sc_hd__nand2_1)
     3    0.01    0.12    0.13    1.10 ^ _104_/Y (sky130_fd_sc_hd__nand2_1)
                                         _058_ (net)
                  0.12    0.00    1.10 ^ _112_/C1 (sky130_fd_sc_hd__o2111ai_2)
     1    0.00    0.09    0.12    1.22 v _112_/Y (sky130_fd_sc_hd__o2111ai_2)
                                         _066_ (net)
                  0.09    0.00    1.22 v _113_/B1 (sky130_fd_sc_hd__o21a_1)
     1    0.00    0.03    0.12    1.34 v _113_/X (sky130_fd_sc_hd__o21a_1)
                                         _000_ (net)
                  0.03    0.00    1.34 v _206_/D (sky130_fd_sc_hd__dfxtp_2)
                                  1.34   data arrival time

                  0.15    2.10    2.10   clock clk (rise edge)
                          0.00    2.10   clock network delay (ideal)
                         -0.25    1.85   clock uncertainty
                          0.00    1.85   clock reconvergence pessimism
                                  1.85 ^ _206_/CLK (sky130_fd_sc_hd__dfxtp_2)
                         -0.08    1.77   library setup time
                                  1.77   data required time
-----------------------------------------------------------------------------
                                  1.77   data required time
                                 -1.34   data arrival time
-----------------------------------------------------------------------------
                                  0.43   slack (MET)


Startpoint: sel[1] (input port clocked by clk)
Endpoint: _208_ (rising edge-triggered flip-flop clocked by clk)
Path Group: clk
Path Type: max

Fanout     Cap    Slew   Delay    Time   Description
-----------------------------------------------------------------------------
                  0.15    0.00    0.00   clock clk (rise edge)
                          0.00    0.00   clock network delay (ideal)
                          0.42    0.42 v input external delay
     1    0.00    0.01    0.00    0.42 v sel[1] (in)
                                         sel[1] (net)
                  0.01    0.00    0.42 v input3/A (sky130_fd_sc_hd__buf_1)
     4    0.01    0.06    0.10    0.53 v input3/X (sky130_fd_sc_hd__buf_1)
                                         net3 (net)
                  0.06    0.00    0.53 v _200_/A (sky130_fd_sc_hd__buf_2)
    10    0.02    0.07    0.17    0.70 v _200_/X (sky130_fd_sc_hd__buf_2)
                                         _051_ (net)
                  0.07    0.00    0.70 v _205_/A (sky130_fd_sc_hd__or2_1)
     4    0.01    0.08    0.27    0.97 v _205_/X (sky130_fd_sc_hd__or2_1)
                                         _056_ (net)
                  0.08    0.00    0.97 v _124_/A1 (sky130_fd_sc_hd__a221oi_1)
     1    0.00    0.22    0.27    1.25 ^ _124_/Y (sky130_fd_sc_hd__a221oi_1)
                                         _076_ (net)
                  0.22    0.00    1.25 ^ _130_/A2 (sky130_fd_sc_hd__o21ai_1)
     1    0.00    0.05    0.08    1.32 v _130_/Y (sky130_fd_sc_hd__o21ai_1)
                                         _002_ (net)
                  0.05    0.00    1.32 v _208_/D (sky130_fd_sc_hd__dfxtp_1)
                                  1.32   data arrival time

                  0.15    2.10    2.10   clock clk (rise edge)
                          0.00    2.10   clock network delay (ideal)
                         -0.25    1.85   clock uncertainty
                          0.00    1.85   clock reconvergence pessimism
                                  1.85 ^ _208_/CLK (sky130_fd_sc_hd__dfxtp_1)
                         -0.09    1.76   library setup time
                                  1.76   data required time
-----------------------------------------------------------------------------
                                  1.76   data required time
                                 -1.32   data arrival time
-----------------------------------------------------------------------------
                                  0.44   slack (MET)


Startpoint: sel[1] (input port clocked by clk)
Endpoint: _212_ (rising edge-triggered flip-flop clocked by clk)
Path Group: clk
Path Type: max

Fanout     Cap    Slew   Delay    Time   Description
-----------------------------------------------------------------------------
                  0.15    0.00    0.00   clock clk (rise edge)
                          0.00    0.00   clock network delay (ideal)
                          0.42    0.42 v input external delay
     1    0.00    0.01    0.00    0.42 v sel[1] (in)
                                         sel[1] (net)
                  0.01    0.00    0.42 v input3/A (sky130_fd_sc_hd__buf_1)
     4    0.01    0.06    0.10    0.53 v input3/X (sky130_fd_sc_hd__buf_1)
                                         net3 (net)
                  0.06    0.00    0.53 v _200_/A (sky130_fd_sc_hd__buf_2)
    10    0.02    0.07    0.17    0.70 v _200_/X (sky130_fd_sc_hd__buf_2)
                                         _051_ (net)
                  0.07    0.00    0.70 v _205_/A (sky130_fd_sc_hd__or2_1)
     4    0.01    0.08    0.27    0.97 v _205_/X (sky130_fd_sc_hd__or2_1)
                                         _056_ (net)
                  0.08    0.00    0.97 v _152_/A (sky130_fd_sc_hd__and3_1)
     1    0.00    0.04    0.16    1.13 v _152_/X (sky130_fd_sc_hd__and3_1)
                                         _100_ (net)
                  0.04    0.00    1.13 v _153_/B1 (sky130_fd_sc_hd__a41o_1)
     1    0.00    0.03    0.19    1.32 v _153_/X (sky130_fd_sc_hd__a41o_1)
                                         _006_ (net)
                  0.03    0.00    1.32 v _212_/D (sky130_fd_sc_hd__dfxtp_1)
                                  1.32   data arrival time

                  0.15    2.10    2.10   clock clk (rise edge)
                          0.00    2.10   clock network delay (ideal)
                         -0.25    1.85   clock uncertainty
                          0.00    1.85   clock reconvergence pessimism
                                  1.85 ^ _212_/CLK (sky130_fd_sc_hd__dfxtp_1)
                         -0.08    1.77   library setup time
                                  1.77   data required time
-----------------------------------------------------------------------------
                                  1.77   data required time
                                 -1.32   data arrival time
-----------------------------------------------------------------------------
                                  0.45   slack (MET)


Startpoint: sel[1] (input port clocked by clk)
Endpoint: _216_ (rising edge-triggered flip-flop clocked by clk)
Path Group: clk
Path Type: max

Fanout     Cap    Slew   Delay    Time   Description
-----------------------------------------------------------------------------
                  0.15    0.00    0.00   clock clk (rise edge)
                          0.00    0.00   clock network delay (ideal)
                          0.42    0.42 v input external delay
     1    0.00    0.01    0.00    0.42 v sel[1] (in)
                                         sel[1] (net)
                  0.01    0.00    0.42 v input3/A (sky130_fd_sc_hd__buf_1)
     4    0.01    0.06    0.10    0.53 v input3/X (sky130_fd_sc_hd__buf_1)
                                         net3 (net)
                  0.06    0.00    0.53 v _200_/A (sky130_fd_sc_hd__buf_2)
    10    0.02    0.07    0.17    0.70 v _200_/X (sky130_fd_sc_hd__buf_2)
                                         _051_ (net)
                  0.07    0.00    0.70 v _205_/A (sky130_fd_sc_hd__or2_1)
     4    0.01    0.08    0.27    0.97 v _205_/X (sky130_fd_sc_hd__or2_1)
                                         _056_ (net)
                  0.08    0.00    0.97 v _165_/A1 (sky130_fd_sc_hd__a21bo_1)
     1    0.00    0.03    0.18    1.15 v _165_/X (sky130_fd_sc_hd__a21bo_1)
                                         _022_ (net)
                  0.03    0.00    1.15 v _167_/B1 (sky130_fd_sc_hd__o22a_1)
     1    0.00    0.04    0.16    1.32 v _167_/X (sky130_fd_sc_hd__o22a_1)
                                         _010_ (net)
                  0.04    0.00    1.32 v _216_/D (sky130_fd_sc_hd__dfxtp_1)
                                  1.32   data arrival time

                  0.15    2.10    2.10   clock clk (rise edge)
                          0.00    2.10   clock network delay (ideal)
                         -0.25    1.85   clock uncertainty
                          0.00    1.85   clock reconvergence pessimism
                                  1.85 ^ _216_/CLK (sky130_fd_sc_hd__dfxtp_1)
                         -0.08    1.77   library setup time
                                  1.77   data required time
-----------------------------------------------------------------------------
                                  1.77   data required time
                                 -1.32   data arrival time
-----------------------------------------------------------------------------
                                  0.45   slack (MET)


Startpoint: sel[1] (input port clocked by clk)
Endpoint: _221_ (rising edge-triggered flip-flop clocked by clk)
Path Group: clk
Path Type: max

Fanout     Cap    Slew   Delay    Time   Description
-----------------------------------------------------------------------------
                  0.15    0.00    0.00   clock clk (rise edge)
                          0.00    0.00   clock network delay (ideal)
                          0.42    0.42 v input external delay
     1    0.00    0.01    0.00    0.42 v sel[1] (in)
                                         sel[1] (net)
                  0.01    0.00    0.42 v input3/A (sky130_fd_sc_hd__buf_1)
     4    0.01    0.06    0.10    0.53 v input3/X (sky130_fd_sc_hd__buf_1)
                                         net3 (net)
                  0.06    0.00    0.53 v _200_/A (sky130_fd_sc_hd__buf_2)
    10    0.02    0.07    0.17    0.70 v _200_/X (sky130_fd_sc_hd__buf_2)
                                         _051_ (net)
                  0.07    0.00    0.70 v _120_/B (sky130_fd_sc_hd__nor3_1)
     4    0.01    0.37    0.35    1.05 ^ _120_/Y (sky130_fd_sc_hd__nor3_1)
                                         _073_ (net)
                  0.37    0.00    1.05 ^ _121_/B1 (sky130_fd_sc_hd__a31o_1)
     3    0.01    0.09    0.19    1.24 ^ _121_/X (sky130_fd_sc_hd__a31o_1)
                                         _074_ (net)
                  0.09    0.00    1.24 ^ _195_/B2 (sky130_fd_sc_hd__o2bb2ai_1)
     1    0.00    0.04    0.06    1.30 v _195_/Y (sky130_fd_sc_hd__o2bb2ai_1)
                                         _015_ (net)
                  0.04    0.00    1.30 v _221_/D (sky130_fd_sc_hd__dfxtp_1)
                                  1.30   data arrival time

                  0.15    2.10    2.10   clock clk (rise edge)
                          0.00    2.10   clock network delay (ideal)
                         -0.25    1.85   clock uncertainty
                          0.00    1.85   clock reconvergence pessimism
                                  1.85 ^ _221_/CLK (sky130_fd_sc_hd__dfxtp_1)
                         -0.09    1.76   library setup time
                                  1.76   data required time
-----------------------------------------------------------------------------
                                  1.76   data required time
                                 -1.30   data arrival time
-----------------------------------------------------------------------------
                                  0.46   slack (MET)


Startpoint: sel[1] (input port clocked by clk)
Endpoint: _219_ (rising edge-triggered flip-flop clocked by clk)
Path Group: clk
Path Type: max

Fanout     Cap    Slew   Delay    Time   Description
-----------------------------------------------------------------------------
                  0.15    0.00    0.00   clock clk (rise edge)
                          0.00    0.00   clock network delay (ideal)
                          0.42    0.42 v input external delay
     1    0.00    0.01    0.00    0.42 v sel[1] (in)
                                         sel[1] (net)
                  0.01    0.00    0.42 v input3/A (sky130_fd_sc_hd__buf_1)
     4    0.01    0.06    0.10    0.53 v input3/X (sky130_fd_sc_hd__buf_1)
                                         net3 (net)
                  0.06    0.00    0.53 v _200_/A (sky130_fd_sc_hd__buf_2)
    10    0.02    0.07    0.17    0.70 v _200_/X (sky130_fd_sc_hd__buf_2)
                                         _051_ (net)
                  0.07    0.00    0.70 v _203_/B (sky130_fd_sc_hd__or2_1)
     3    0.01    0.09    0.27    0.97 v _203_/X (sky130_fd_sc_hd__or2_1)
                                         _054_ (net)
                  0.09    0.00    0.97 v _183_/A2 (sky130_fd_sc_hd__o2111ai_1)
     1    0.00    0.14    0.18    1.14 ^ _183_/Y (sky130_fd_sc_hd__o2111ai_1)
                                         _037_ (net)
                  0.14    0.00    1.14 ^ _184_/B1 (sky130_fd_sc_hd__o21ai_1)
     1    0.00    0.05    0.08    1.22 v _184_/Y (sky130_fd_sc_hd__o21ai_1)
                                         _013_ (net)
                  0.05    0.00    1.22 v _219_/D (sky130_fd_sc_hd__dfxtp_1)
                                  1.22   data arrival time

                  0.15    2.10    2.10   clock clk (rise edge)
                          0.00    2.10   clock network delay (ideal)
                         -0.25    1.85   clock uncertainty
                          0.00    1.85   clock reconvergence pessimism
                                  1.85 ^ _219_/CLK (sky130_fd_sc_hd__dfxtp_1)
                         -0.09    1.76   library setup time
                                  1.76   data required time
-----------------------------------------------------------------------------
                                  1.76   data required time
                                 -1.22   data arrival time
-----------------------------------------------------------------------------
                                  0.54   slack (MET)


Startpoint: sel[1] (input port clocked by clk)
Endpoint: _220_ (rising edge-triggered flip-flop clocked by clk)
Path Group: clk
Path Type: max

Fanout     Cap    Slew   Delay    Time   Description
-----------------------------------------------------------------------------
                  0.15    0.00    0.00   clock clk (rise edge)
                          0.00    0.00   clock network delay (ideal)
                          0.42    0.42 v input external delay
     1    0.00    0.01    0.00    0.42 v sel[1] (in)
                                         sel[1] (net)
                  0.01    0.00    0.42 v input3/A (sky130_fd_sc_hd__buf_1)
     4    0.01    0.06    0.10    0.53 v input3/X (sky130_fd_sc_hd__buf_1)
                                         net3 (net)
                  0.06    0.00    0.53 v _200_/A (sky130_fd_sc_hd__buf_2)
    10    0.02    0.07    0.17    0.70 v _200_/X (sky130_fd_sc_hd__buf_2)
                                         _051_ (net)
                  0.07    0.00    0.70 v _120_/B (sky130_fd_sc_hd__nor3_1)
     4    0.01    0.37    0.35    1.05 ^ _120_/Y (sky130_fd_sc_hd__nor3_1)
                                         _073_ (net)
                  0.37    0.00    1.05 ^ _181_/B1 (sky130_fd_sc_hd__a211oi_2)
     2    0.00    0.09    0.09    1.14 v _181_/Y (sky130_fd_sc_hd__a211oi_2)
                                         _035_ (net)
                  0.09    0.00    1.14 v _190_/A2 (sky130_fd_sc_hd__o21ai_1)
     1    0.00    0.08    0.12    1.26 ^ _190_/Y (sky130_fd_sc_hd__o21ai_1)
                                         _014_ (net)
                  0.08    0.00    1.26 ^ _220_/D (sky130_fd_sc_hd__dfxtp_1)
                                  1.26   data arrival time

                  0.15    2.10    2.10   clock clk (rise edge)
                          0.00    2.10   clock network delay (ideal)
                         -0.25    1.85   clock uncertainty
                          0.00    1.85   clock reconvergence pessimism
                                  1.85 ^ _220_/CLK (sky130_fd_sc_hd__dfxtp_1)
                         -0.05    1.80   library setup time
                                  1.80   data required time
-----------------------------------------------------------------------------
                                  1.80   data required time
                                 -1.26   data arrival time
-----------------------------------------------------------------------------
                                  0.54   slack (MET)


Startpoint: sel[0] (input port clocked by clk)
Endpoint: _213_ (rising edge-triggered flip-flop clocked by clk)
Path Group: clk
Path Type: max

Fanout     Cap    Slew   Delay    Time   Description
-----------------------------------------------------------------------------
                  0.15    0.00    0.00   clock clk (rise edge)
                          0.00    0.00   clock network delay (ideal)
                          0.42    0.42 v input external delay
     1    0.00    0.01    0.00    0.42 v sel[0] (in)
                                         sel[0] (net)
                  0.01    0.00    0.42 v input2/A (sky130_fd_sc_hd__clkbuf_2)
     7    0.02    0.07    0.13    0.56 v input2/X (sky130_fd_sc_hd__clkbuf_2)
                                         net2 (net)
                  0.07    0.00    0.56 v _204_/A (sky130_fd_sc_hd__clkbuf_4)
    10    0.03    0.07    0.20    0.76 v _204_/X (sky130_fd_sc_hd__clkbuf_4)
                                         _055_ (net)
                  0.07    0.00    0.76 v _146_/A2 (sky130_fd_sc_hd__o21a_1)
     4    0.01    0.06    0.21    0.96 v _146_/X (sky130_fd_sc_hd__o21a_1)
                                         _095_ (net)
                  0.06    0.00    0.96 v _156_/B2 (sky130_fd_sc_hd__a2bb2o_1)
     1    0.00    0.05    0.25    1.21 v _156_/X (sky130_fd_sc_hd__a2bb2o_1)
                                         _007_ (net)
                  0.05    0.00    1.21 v _213_/D (sky130_fd_sc_hd__dfxtp_2)
                                  1.21   data arrival time

                  0.15    2.10    2.10   clock clk (rise edge)
                          0.00    2.10   clock network delay (ideal)
                         -0.25    1.85   clock uncertainty
                          0.00    1.85   clock reconvergence pessimism
                                  1.85 ^ _213_/CLK (sky130_fd_sc_hd__dfxtp_2)
                         -0.09    1.76   library setup time
                                  1.76   data required time
-----------------------------------------------------------------------------
                                  1.76   data required time
                                 -1.21   data arrival time
-----------------------------------------------------------------------------
                                  0.55   slack (MET)


Startpoint: reset (input port clocked by clk)
Endpoint: _218_ (rising edge-triggered flip-flop clocked by clk)
Path Group: clk
Path Type: max

Fanout     Cap    Slew   Delay    Time   Description
-----------------------------------------------------------------------------
                  0.15    0.00    0.00   clock clk (rise edge)
                          0.00    0.00   clock network delay (ideal)
                          0.42    0.42 v input external delay
     1    0.00    0.01    0.00    0.42 v reset (in)
                                         reset (net)
                  0.01    0.00    0.42 v input1/A (sky130_fd_sc_hd__buf_2)
     8    0.02    0.06    0.15    0.57 v input1/X (sky130_fd_sc_hd__buf_2)
                                         net1 (net)
                  0.06    0.00    0.57 v _151_/A (sky130_fd_sc_hd__buf_2)
    10    0.02    0.07    0.18    0.75 v _151_/X (sky130_fd_sc_hd__buf_2)
                                         _099_ (net)
                  0.07    0.00    0.75 v _178_/A (sky130_fd_sc_hd__or3_1)
     1    0.00    0.06    0.38    1.13 v _178_/X (sky130_fd_sc_hd__or3_1)
                                         _033_ (net)
                  0.06    0.00    1.13 v _179_/B2 (sky130_fd_sc_hd__o2bb2ai_1)
     1    0.00    0.09    0.11    1.24 ^ _179_/Y (sky130_fd_sc_hd__o2bb2ai_1)
                                         _012_ (net)
                  0.09    0.00    1.24 ^ _218_/D (sky130_fd_sc_hd__dfxtp_1)
                                  1.24   data arrival time

                  0.15    2.10    2.10   clock clk (rise edge)
                          0.00    2.10   clock network delay (ideal)
                         -0.25    1.85   clock uncertainty
                          0.00    1.85   clock reconvergence pessimism
                                  1.85 ^ _218_/CLK (sky130_fd_sc_hd__dfxtp_1)
                         -0.05    1.80   library setup time
                                  1.80   data required time
-----------------------------------------------------------------------------
                                  1.80   data required time
                                 -1.24   data arrival time
-----------------------------------------------------------------------------
                                  0.56   slack (MET)


Startpoint: sel[0] (input port clocked by clk)
Endpoint: _214_ (rising edge-triggered flip-flop clocked by clk)
Path Group: clk
Path Type: max

Fanout     Cap    Slew   Delay    Time   Description
-----------------------------------------------------------------------------
                  0.15    0.00    0.00   clock clk (rise edge)
                          0.00    0.00   clock network delay (ideal)
                          0.42    0.42 v input external delay
     1    0.00    0.01    0.00    0.42 v sel[0] (in)
                                         sel[0] (net)
                  0.01    0.00    0.42 v input2/A (sky130_fd_sc_hd__clkbuf_2)
     7    0.02    0.07    0.13    0.56 v input2/X (sky130_fd_sc_hd__clkbuf_2)
                                         net2 (net)
                  0.07    0.00    0.56 v _204_/A (sky130_fd_sc_hd__clkbuf_4)
    10    0.03    0.07    0.20    0.76 v _204_/X (sky130_fd_sc_hd__clkbuf_4)
                                         _055_ (net)
                  0.07    0.00    0.76 v _146_/A2 (sky130_fd_sc_hd__o21a_1)
     4    0.01    0.06    0.21    0.96 v _146_/X (sky130_fd_sc_hd__o21a_1)
                                         _095_ (net)
                  0.06    0.00    0.96 v _159_/B2 (sky130_fd_sc_hd__a32o_1)
     1    0.00    0.04    0.21    1.18 v _159_/X (sky130_fd_sc_hd__a32o_1)
                                         _008_ (net)
                  0.04    0.00    1.18 v _214_/D (sky130_fd_sc_hd__dfxtp_1)
                                  1.18   data arrival time

                  0.15    2.10    2.10   clock clk (rise edge)
                          0.00    2.10   clock network delay (ideal)
                         -0.25    1.85   clock uncertainty
                          0.00    1.85   clock reconvergence pessimism
                                  1.85 ^ _214_/CLK (sky130_fd_sc_hd__dfxtp_1)
                         -0.08    1.77   library setup time
                                  1.77   data required time
-----------------------------------------------------------------------------
                                  1.77   data required time
                                 -1.18   data arrival time
-----------------------------------------------------------------------------
                                  0.59   slack (MET)


Startpoint: sel[0] (input port clocked by clk)
Endpoint: _215_ (rising edge-triggered flip-flop clocked by clk)
Path Group: clk
Path Type: max

Fanout     Cap    Slew   Delay    Time   Description
-----------------------------------------------------------------------------
                  0.15    0.00    0.00   clock clk (rise edge)
                          0.00    0.00   clock network delay (ideal)
                          0.42    0.42 v input external delay
     1    0.00    0.01    0.00    0.42 v sel[0] (in)
                                         sel[0] (net)
                  0.01    0.00    0.42 v input2/A (sky130_fd_sc_hd__clkbuf_2)
     7    0.02    0.07    0.13    0.56 v input2/X (sky130_fd_sc_hd__clkbuf_2)
                                         net2 (net)
                  0.07    0.00    0.56 v _204_/A (sky130_fd_sc_hd__clkbuf_4)
    10    0.03    0.07    0.20    0.76 v _204_/X (sky130_fd_sc_hd__clkbuf_4)
                                         _055_ (net)
                  0.07    0.00    0.76 v _146_/A2 (sky130_fd_sc_hd__o21a_1)
     4    0.01    0.06    0.21    0.96 v _146_/X (sky130_fd_sc_hd__o21a_1)
                                         _095_ (net)
                  0.06    0.00    0.96 v _162_/B2 (sky130_fd_sc_hd__a32o_1)
     1    0.00    0.04    0.21    1.18 v _162_/X (sky130_fd_sc_hd__a32o_1)
                                         _009_ (net)
                  0.04    0.00    1.18 v _215_/D (sky130_fd_sc_hd__dfxtp_1)
                                  1.18   data arrival time

                  0.15    2.10    2.10   clock clk (rise edge)
                          0.00    2.10   clock network delay (ideal)
                         -0.25    1.85   clock uncertainty
                          0.00    1.85   clock reconvergence pessimism
                                  1.85 ^ _215_/CLK (sky130_fd_sc_hd__dfxtp_1)
                         -0.08    1.77   library setup time
                                  1.77   data required time
-----------------------------------------------------------------------------
                                  1.77   data required time
                                 -1.18   data arrival time
-----------------------------------------------------------------------------
                                  0.59   slack (MET)


Startpoint: reset (input port clocked by clk)
Endpoint: _217_ (rising edge-triggered flip-flop clocked by clk)
Path Group: clk
Path Type: max

Fanout     Cap    Slew   Delay    Time   Description
-----------------------------------------------------------------------------
                  0.15    0.00    0.00   clock clk (rise edge)
                          0.00    0.00   clock network delay (ideal)
                          0.42    0.42 ^ input external delay
     1    0.00    0.02    0.01    0.43 ^ reset (in)
                                         reset (net)
                  0.02    0.00    0.43 ^ input1/A (sky130_fd_sc_hd__buf_2)
     8    0.02    0.12    0.16    0.59 ^ input1/X (sky130_fd_sc_hd__buf_2)
                                         net1 (net)
                  0.12    0.00    0.59 ^ _151_/A (sky130_fd_sc_hd__buf_2)
    10    0.03    0.13    0.21    0.79 ^ _151_/X (sky130_fd_sc_hd__buf_2)
                                         _099_ (net)
                  0.13    0.00    0.79 ^ _172_/A1 (sky130_fd_sc_hd__o21ai_1)
     2    0.00    0.06    0.10    0.90 v _172_/Y (sky130_fd_sc_hd__o21ai_1)
                                         _028_ (net)
                  0.06    0.00    0.90 v _173_/B1 (sky130_fd_sc_hd__a211oi_1)
     1    0.00    0.18    0.21    1.11 ^ _173_/Y (sky130_fd_sc_hd__a211oi_1)
                                         _029_ (net)
                  0.18    0.00    1.11 ^ _174_/B1 (sky130_fd_sc_hd__a21oi_1)
     1    0.00    0.05    0.05    1.16 v _174_/Y (sky130_fd_sc_hd__a21oi_1)
                                         _011_ (net)
                  0.05    0.00    1.16 v _217_/D (sky130_fd_sc_hd__dfxtp_1)
                                  1.16   data arrival time

                  0.15    2.10    2.10   clock clk (rise edge)
                          0.00    2.10   clock network delay (ideal)
                         -0.25    1.85   clock uncertainty
                          0.00    1.85   clock reconvergence pessimism
                                  1.85 ^ _217_/CLK (sky130_fd_sc_hd__dfxtp_1)
                         -0.09    1.76   library setup time
                                  1.76   data required time
-----------------------------------------------------------------------------
                                  1.76   data required time
                                 -1.16   data arrival time
-----------------------------------------------------------------------------
                                  0.60   slack (MET)


Startpoint: _212_ (rising edge-triggered flip-flop clocked by clk)
Endpoint: _210_ (rising edge-triggered flip-flop clocked by clk)
Path Group: clk
Path Type: max

Fanout     Cap    Slew   Delay    Time   Description
-----------------------------------------------------------------------------
                  0.15    0.00    0.00   clock clk (rise edge)
                          0.00    0.00   clock network delay (ideal)
                  0.15    0.00    0.00 ^ _212_/CLK (sky130_fd_sc_hd__dfxtp_1)
     2    0.01    0.04    0.36    0.36 v _212_/Q (sky130_fd_sc_hd__dfxtp_1)
                                         cnt1[1] (net)
                  0.04    0.00    0.36 v _105_/A (sky130_fd_sc_hd__buf_6)
    10    0.02    0.03    0.13    0.49 v _105_/X (sky130_fd_sc_hd__buf_6)
                                         _059_ (net)
                  0.03    0.00    0.49 v _107_/A (sky130_fd_sc_hd__or2b_4)
     2    0.01    0.06    0.27    0.76 v _107_/X (sky130_fd_sc_hd__or2b_4)
                                         _061_ (net)
                  0.06    0.00    0.76 v _143_/A1 (sky130_fd_sc_hd__o21ai_1)
     3    0.01    0.18    0.19    0.95 ^ _143_/Y (sky130_fd_sc_hd__o21ai_1)
                                         _093_ (net)
                  0.18    0.00    0.95 ^ _144_/A (sky130_fd_sc_hd__nand4_1)
     1    0.00    0.08    0.10    1.05 v _144_/Y (sky130_fd_sc_hd__nand4_1)
                                         _094_ (net)
                  0.08    0.00    1.05 v _145_/B1 (sky130_fd_sc_hd__a32oi_1)
     1    0.00    0.12    0.14    1.19 ^ _145_/Y (sky130_fd_sc_hd__a32oi_1)
                                         _004_ (net)
                  0.12    0.00    1.19 ^ _210_/D (sky130_fd_sc_hd__dfxtp_1)
                                  1.19   data arrival time

                  0.15    2.10    2.10   clock clk (rise edge)
                          0.00    2.10   clock network delay (ideal)
                         -0.25    1.85   clock uncertainty
                          0.00    1.85   clock reconvergence pessimism
                                  1.85 ^ _210_/CLK (sky130_fd_sc_hd__dfxtp_1)
                         -0.06    1.79   library setup time
                                  1.79   data required time
-----------------------------------------------------------------------------
                                  1.79   data required time
                                 -1.19   data arrival time
-----------------------------------------------------------------------------
                                  0.60   slack (MET)


Startpoint: _210_ (rising edge-triggered flip-flop clocked by clk)
Endpoint: clkout (output port clocked by clk)
Path Group: clk
Path Type: max

Fanout     Cap    Slew   Delay    Time   Description
-----------------------------------------------------------------------------
                  0.15    0.00    0.00   clock clk (rise edge)
                          0.00    0.00   clock network delay (ideal)
                  0.15    0.00    0.00 ^ _210_/CLK (sky130_fd_sc_hd__dfxtp_1)
     2    0.01    0.08    0.38    0.38 ^ _210_/Q (sky130_fd_sc_hd__dfxtp_1)
                                         net4 (net)
                  0.08    0.00    0.38 ^ output4/A (sky130_fd_sc_hd__clkbuf_4)
     1    0.03    0.11    0.21    0.59 ^ output4/X (sky130_fd_sc_hd__clkbuf_4)
                                         clkout (net)
                  0.11    0.00    0.59 ^ clkout (out)
                                  0.59   data arrival time

                  0.15    2.10    2.10   clock clk (rise edge)
                          0.00    2.10   clock network delay (ideal)
                         -0.25    1.85   clock uncertainty
                          0.00    1.85   clock reconvergence pessimism
                         -0.42    1.43   output external delay
                                  1.43   data required time
-----------------------------------------------------------------------------
                                  1.43   data required time
                                 -0.59   data arrival time
-----------------------------------------------------------------------------
                                  0.84   slack (MET)



worst slack corner Typical: 0.4139
